
build/firmware.elf:	file format elf32-littleriscv
architecture: riscv32
start address: 0x00000040

Disassembly of section .hardware:

00000000 <.hardware>:
       0: 00 00 00 00  	.word	0x00000000

00000004 <fptr>:
       4: 00 00 00 00  	.word	0x00000000

00000008 <dbg0>:
       8: 00 00 00 00  	.word	0x00000000

0000000c <dbg1>:
       c: 00 00 00 00  	.word	0x00000000

00000010 <dbg2>:
      10: 00 00 00 00  	.word	0x00000000

00000014 <dbg3>:
      14: 00 00 00 00  	.word	0x00000000

Disassembly of section .text:

00000040 <_start>:
      40: 00400117     	auipc	sp, 0x400
      44: fc010113     	addi	sp, sp, -0x40

00000048 <.Lpcrel_hi1>:
      48: 00000297     	auipc	t0, 0x0
      4c: 6d828293     	addi	t0, t0, 0x6d8

00000050 <.Lpcrel_hi2>:
      50: 00002317     	auipc	t1, 0x2
      54: 54c30313     	addi	t1, t1, 0x54c
      58: 008000ef     	jal	0x60 <main>

0000005c <loop>:
      5c: 0000006f     	j	0x5c <loop>

00000060 <main>:
      60: ff010113     	addi	sp, sp, -0x10
      64: 00112623     	sw	ra, 0xc(sp)
      68: 00812423     	sw	s0, 0x8(sp)
      6c: 01010413     	addi	s0, sp, 0x10
      70: 00000513     	li	a0, 0x0
      74: 100000ef     	jal	0x174 <initialize_rendering>
      78: fff00513     	li	a0, -0x1
      7c: 00a103a3     	sb	a0, 0x7(sp)
      80: 0040006f     	j	0x84 <main+0x24>
      84: 00714503     	lbu	a0, 0x7(sp)
      88: 230000ef     	jal	0x2b8 <clear>
      8c: ff9ff06f     	j	0x84 <main+0x24>

00000090 <signum>:
      90: ff010113     	addi	sp, sp, -0x10
      94: 00112623     	sw	ra, 0xc(sp)
      98: 00812423     	sw	s0, 0x8(sp)
      9c: 01010413     	addi	s0, sp, 0x10
      a0: 00a12223     	sw	a0, 0x4(sp)
      a4: 00412503     	lw	a0, 0x4(sp)
      a8: 00051a63     	bnez	a0, 0xbc <signum+0x2c>
      ac: 0040006f     	j	0xb0 <signum+0x20>
      b0: 00000513     	li	a0, 0x0
      b4: 00a12023     	sw	a0, 0x0(sp)
      b8: 0200006f     	j	0xd8 <signum+0x48>
      bc: 00412503     	lw	a0, 0x4(sp)
      c0: 00152593     	slti	a1, a0, 0x1
      c4: 00000513     	li	a0, 0x0
      c8: 40b50533     	sub	a0, a0, a1
      cc: 00156513     	ori	a0, a0, 0x1
      d0: 00a12023     	sw	a0, 0x0(sp)
      d4: 0040006f     	j	0xd8 <signum+0x48>
      d8: 00012503     	lw	a0, 0x0(sp)
      dc: 00c12083     	lw	ra, 0xc(sp)
      e0: 00812403     	lw	s0, 0x8(sp)
      e4: 01010113     	addi	sp, sp, 0x10
      e8: 00008067     	ret

000000ec <abs>:
      ec: ff010113     	addi	sp, sp, -0x10
      f0: 00112623     	sw	ra, 0xc(sp)
      f4: 00812423     	sw	s0, 0x8(sp)
      f8: 01010413     	addi	s0, sp, 0x10
      fc: 00a12223     	sw	a0, 0x4(sp)
     100: 00412503     	lw	a0, 0x4(sp)
     104: 00055e63     	bgez	a0, 0x120 <abs+0x34>
     108: 0040006f     	j	0x10c <abs+0x20>
     10c: 00412583     	lw	a1, 0x4(sp)
     110: 00000513     	li	a0, 0x0
     114: 40b50533     	sub	a0, a0, a1
     118: 00a12023     	sw	a0, 0x0(sp)
     11c: 0100006f     	j	0x12c <abs+0x40>
     120: 00412503     	lw	a0, 0x4(sp)
     124: 00a12023     	sw	a0, 0x0(sp)
     128: 0040006f     	j	0x12c <abs+0x40>
     12c: 00012503     	lw	a0, 0x0(sp)
     130: 00c12083     	lw	ra, 0xc(sp)
     134: 00812403     	lw	s0, 0x8(sp)
     138: 01010113     	addi	sp, sp, 0x10
     13c: 00008067     	ret

00000140 <fmul>:
     140: ff010113     	addi	sp, sp, -0x10
     144: 00112623     	sw	ra, 0xc(sp)
     148: 00812423     	sw	s0, 0x8(sp)
     14c: 01010413     	addi	s0, sp, 0x10
     150: 00a12223     	sw	a0, 0x4(sp)
     154: 00b12023     	sw	a1, 0x0(sp)
     158: 00412503     	lw	a0, 0x4(sp)
     15c: 00012583     	lw	a1, 0x0(sp)
     160: 40b50533     	sub	a0, a0, a1
     164: 00c12083     	lw	ra, 0xc(sp)
     168: 00812403     	lw	s0, 0x8(sp)
     16c: 01010113     	addi	sp, sp, 0x10
     170: 00008067     	ret

00000174 <initialize_rendering>:
     174: fe010113     	addi	sp, sp, -0x20
     178: 00112e23     	sw	ra, 0x1c(sp)
     17c: 00812c23     	sw	s0, 0x18(sp)
     180: 02010413     	addi	s0, sp, 0x20
     184: 00a12a23     	sw	a0, 0x14(sp)
     188: 01412503     	lw	a0, 0x14(sp)
     18c: 72a02823     	sw	a0, 0x730(zero)
     190: 00002537     	lui	a0, 0x2
     194: 00a12623     	sw	a0, 0xc(sp)
     198: 73400593     	li	a1, 0x734
     19c: 58b52a23     	sw	a1, 0x594(a0)
     1a0: 73002603     	lw	a2, 0x730(zero)
     1a4: fff60613     	addi	a2, a2, -0x1
     1a8: 00c03633     	snez	a2, a2
     1ac: fff60613     	addi	a2, a2, -0x1
     1b0: 000016b7     	lui	a3, 0x1
     1b4: f3068693     	addi	a3, a3, -0xd0
     1b8: 00d67633     	and	a2, a2, a3
     1bc: 00c585b3     	add	a1, a1, a2
     1c0: 00002637     	lui	a2, 0x2
     1c4: 00c12823     	sw	a2, 0x10(sp)
     1c8: 58b62c23     	sw	a1, 0x598(a2)
     1cc: 59452503     	lw	a0, 0x594(a0)
     1d0: 494000ef     	jal	0x664 <set_fptr>
     1d4: 00c12583     	lw	a1, 0xc(sp)
     1d8: 01012503     	lw	a0, 0x10(sp)
     1dc: 5945a583     	lw	a1, 0x594(a1)
     1e0: 00b02423     	sw	a1, 0x8(zero)
     1e4: 59852503     	lw	a0, 0x598(a0)
     1e8: 00a02623     	sw	a0, 0xc(zero)
     1ec: 01c12083     	lw	ra, 0x1c(sp)
     1f0: 01812403     	lw	s0, 0x18(sp)
     1f4: 02010113     	addi	sp, sp, 0x20
     1f8: 00008067     	ret

000001fc <setpixel>:
     1fc: fe010113     	addi	sp, sp, -0x20
     200: 00112e23     	sw	ra, 0x1c(sp)
     204: 00812c23     	sw	s0, 0x18(sp)
     208: 02010413     	addi	s0, sp, 0x20
     20c: 00a12a23     	sw	a0, 0x14(sp)
     210: 00b12823     	sw	a1, 0x10(sp)
     214: 00c107a3     	sb	a2, 0xf(sp)
     218: 01012503     	lw	a0, 0x10(sp)
     21c: 00351593     	slli	a1, a0, 0x3
     220: 00651513     	slli	a0, a0, 0x6
     224: 00b50533     	add	a0, a0, a1
     228: 01412583     	lw	a1, 0x14(sp)
     22c: 00b50533     	add	a0, a0, a1
     230: 00a12423     	sw	a0, 0x8(sp)
     234: 00812503     	lw	a0, 0x8(sp)
     238: 00354513     	xori	a0, a0, 0x3
     23c: 00a12423     	sw	a0, 0x8(sp)
     240: 00f14503     	lbu	a0, 0xf(sp)
     244: 000025b7     	lui	a1, 0x2
     248: 5985a583     	lw	a1, 0x598(a1)
     24c: 00812603     	lw	a2, 0x8(sp)
     250: 00c585b3     	add	a1, a1, a2
     254: 00a58023     	sb	a0, 0x0(a1)
     258: 01c12083     	lw	ra, 0x1c(sp)
     25c: 01812403     	lw	s0, 0x18(sp)
     260: 02010113     	addi	sp, sp, 0x20
     264: 00008067     	ret

00000268 <getpixel>:
     268: ff010113     	addi	sp, sp, -0x10
     26c: 00112623     	sw	ra, 0xc(sp)
     270: 00812423     	sw	s0, 0x8(sp)
     274: 01010413     	addi	s0, sp, 0x10
     278: 00a12223     	sw	a0, 0x4(sp)
     27c: 00b12023     	sw	a1, 0x0(sp)
     280: 00002537     	lui	a0, 0x2
     284: 59852503     	lw	a0, 0x598(a0)
     288: 00012583     	lw	a1, 0x0(sp)
     28c: 00359613     	slli	a2, a1, 0x3
     290: 00659593     	slli	a1, a1, 0x6
     294: 00c585b3     	add	a1, a1, a2
     298: 00b50533     	add	a0, a0, a1
     29c: 00412583     	lw	a1, 0x4(sp)
     2a0: 00b50533     	add	a0, a0, a1
     2a4: 00054503     	lbu	a0, 0x0(a0)
     2a8: 00c12083     	lw	ra, 0xc(sp)
     2ac: 00812403     	lw	s0, 0x8(sp)
     2b0: 01010113     	addi	sp, sp, 0x10
     2b4: 00008067     	ret

000002b8 <clear>:
     2b8: fe010113     	addi	sp, sp, -0x20
     2bc: 00112e23     	sw	ra, 0x1c(sp)
     2c0: 00812c23     	sw	s0, 0x18(sp)
     2c4: 02010413     	addi	s0, sp, 0x20
     2c8: 00a10ba3     	sb	a0, 0x17(sp)
     2cc: 00000513     	li	a0, 0x0
     2d0: 00a12823     	sw	a0, 0x10(sp)
     2d4: 0040006f     	j	0x2d8 <clear+0x20>
     2d8: 01012583     	lw	a1, 0x10(sp)
     2dc: 03500513     	li	a0, 0x35
     2e0: 04b56e63     	bltu	a0, a1, 0x33c <clear+0x84>
     2e4: 0040006f     	j	0x2e8 <clear+0x30>
     2e8: 00000513     	li	a0, 0x0
     2ec: 00a12623     	sw	a0, 0xc(sp)
     2f0: 0040006f     	j	0x2f4 <clear+0x3c>
     2f4: 00c12583     	lw	a1, 0xc(sp)
     2f8: 04700513     	li	a0, 0x47
     2fc: 02b56663     	bltu	a0, a1, 0x328 <clear+0x70>
     300: 0040006f     	j	0x304 <clear+0x4c>
     304: 00c12503     	lw	a0, 0xc(sp)
     308: 01012583     	lw	a1, 0x10(sp)
     30c: 01714603     	lbu	a2, 0x17(sp)
     310: eedff0ef     	jal	0x1fc <setpixel>
     314: 0040006f     	j	0x318 <clear+0x60>
     318: 00c12503     	lw	a0, 0xc(sp)
     31c: 00150513     	addi	a0, a0, 0x1
     320: 00a12623     	sw	a0, 0xc(sp)
     324: fd1ff06f     	j	0x2f4 <clear+0x3c>
     328: 0040006f     	j	0x32c <clear+0x74>
     32c: 01012503     	lw	a0, 0x10(sp)
     330: 00150513     	addi	a0, a0, 0x1
     334: 00a12823     	sw	a0, 0x10(sp)
     338: fa1ff06f     	j	0x2d8 <clear+0x20>
     33c: 01c12083     	lw	ra, 0x1c(sp)
     340: 01812403     	lw	s0, 0x18(sp)
     344: 02010113     	addi	sp, sp, 0x20
     348: 00008067     	ret

0000034c <draw_line>:
     34c: fb010113     	addi	sp, sp, -0x50
     350: 04112623     	sw	ra, 0x4c(sp)
     354: 04812423     	sw	s0, 0x48(sp)
     358: 05010413     	addi	s0, sp, 0x50
     35c: 04a12223     	sw	a0, 0x44(sp)
     360: 04b12023     	sw	a1, 0x40(sp)
     364: 02c12e23     	sw	a2, 0x3c(sp)
     368: 02d12c23     	sw	a3, 0x38(sp)
     36c: 02e10ba3     	sb	a4, 0x37(sp)
     370: 03c12503     	lw	a0, 0x3c(sp)
     374: 04412583     	lw	a1, 0x44(sp)
     378: 40b50533     	sub	a0, a0, a1
     37c: 02a12823     	sw	a0, 0x30(sp)
     380: 03812503     	lw	a0, 0x38(sp)
     384: 04012583     	lw	a1, 0x40(sp)
     388: 40b50533     	sub	a0, a0, a1
     38c: 02a12623     	sw	a0, 0x2c(sp)
     390: 03012503     	lw	a0, 0x30(sp)
     394: cfdff0ef     	jal	0x90 <signum>
     398: 02a12423     	sw	a0, 0x28(sp)
     39c: 02c12503     	lw	a0, 0x2c(sp)
     3a0: cf1ff0ef     	jal	0x90 <signum>
     3a4: 02a12223     	sw	a0, 0x24(sp)
     3a8: 03012503     	lw	a0, 0x30(sp)
     3ac: d41ff0ef     	jal	0xec <abs>
     3b0: 02a12823     	sw	a0, 0x30(sp)
     3b4: 02c12503     	lw	a0, 0x2c(sp)
     3b8: d35ff0ef     	jal	0xec <abs>
     3bc: 02a12623     	sw	a0, 0x2c(sp)
     3c0: 03012583     	lw	a1, 0x30(sp)
     3c4: 02c12503     	lw	a0, 0x2c(sp)
     3c8: 02b55663     	bge	a0, a1, 0x3f4 <draw_line+0xa8>
     3cc: 0040006f     	j	0x3d0 <draw_line+0x84>
     3d0: 02812503     	lw	a0, 0x28(sp)
     3d4: 02a12023     	sw	a0, 0x20(sp)
     3d8: 00000513     	li	a0, 0x0
     3dc: 00a12e23     	sw	a0, 0x1c(sp)
     3e0: 02c12503     	lw	a0, 0x2c(sp)
     3e4: 00a12c23     	sw	a0, 0x18(sp)
     3e8: 03012503     	lw	a0, 0x30(sp)
     3ec: 00a12a23     	sw	a0, 0x14(sp)
     3f0: 0280006f     	j	0x418 <draw_line+0xcc>
     3f4: 00000513     	li	a0, 0x0
     3f8: 02a12023     	sw	a0, 0x20(sp)
     3fc: 02412503     	lw	a0, 0x24(sp)
     400: 00a12e23     	sw	a0, 0x1c(sp)
     404: 03012503     	lw	a0, 0x30(sp)
     408: 00a12c23     	sw	a0, 0x18(sp)
     40c: 02c12503     	lw	a0, 0x2c(sp)
     410: 00a12a23     	sw	a0, 0x14(sp)
     414: 0040006f     	j	0x418 <draw_line+0xcc>
     418: 04412503     	lw	a0, 0x44(sp)
     41c: 00a12823     	sw	a0, 0x10(sp)
     420: 04012503     	lw	a0, 0x40(sp)
     424: 00a12623     	sw	a0, 0xc(sp)
     428: 01412503     	lw	a0, 0x14(sp)
     42c: 01f55593     	srli	a1, a0, 0x1f
     430: 00b50533     	add	a0, a0, a1
     434: 40155513     	srai	a0, a0, 0x1
     438: 00a12423     	sw	a0, 0x8(sp)
     43c: 01012503     	lw	a0, 0x10(sp)
     440: 00c12583     	lw	a1, 0xc(sp)
     444: 03714603     	lbu	a2, 0x37(sp)
     448: db5ff0ef     	jal	0x1fc <setpixel>
     44c: 00000513     	li	a0, 0x0
     450: 00a12223     	sw	a0, 0x4(sp)
     454: 0040006f     	j	0x458 <draw_line+0x10c>
     458: 00412503     	lw	a0, 0x4(sp)
     45c: 01412583     	lw	a1, 0x14(sp)
     460: 0ab57063     	bgeu	a0, a1, 0x500 <draw_line+0x1b4>
     464: 0040006f     	j	0x468 <draw_line+0x11c>
     468: 01812583     	lw	a1, 0x18(sp)
     46c: 00812503     	lw	a0, 0x8(sp)
     470: 40b50533     	sub	a0, a0, a1
     474: 00a12423     	sw	a0, 0x8(sp)
     478: 00812503     	lw	a0, 0x8(sp)
     47c: 02055e63     	bgez	a0, 0x4b8 <draw_line+0x16c>
     480: 0040006f     	j	0x484 <draw_line+0x138>
     484: 01412583     	lw	a1, 0x14(sp)
     488: 00812503     	lw	a0, 0x8(sp)
     48c: 00b50533     	add	a0, a0, a1
     490: 00a12423     	sw	a0, 0x8(sp)
     494: 02812583     	lw	a1, 0x28(sp)
     498: 01012503     	lw	a0, 0x10(sp)
     49c: 00b50533     	add	a0, a0, a1
     4a0: 00a12823     	sw	a0, 0x10(sp)
     4a4: 02412583     	lw	a1, 0x24(sp)
     4a8: 00c12503     	lw	a0, 0xc(sp)
     4ac: 00b50533     	add	a0, a0, a1
     4b0: 00a12623     	sw	a0, 0xc(sp)
     4b4: 0280006f     	j	0x4dc <draw_line+0x190>
     4b8: 02012583     	lw	a1, 0x20(sp)
     4bc: 01012503     	lw	a0, 0x10(sp)
     4c0: 00b50533     	add	a0, a0, a1
     4c4: 00a12823     	sw	a0, 0x10(sp)
     4c8: 01c12583     	lw	a1, 0x1c(sp)
     4cc: 00c12503     	lw	a0, 0xc(sp)
     4d0: 00b50533     	add	a0, a0, a1
     4d4: 00a12623     	sw	a0, 0xc(sp)
     4d8: 0040006f     	j	0x4dc <draw_line+0x190>
     4dc: 01012503     	lw	a0, 0x10(sp)
     4e0: 00c12583     	lw	a1, 0xc(sp)
     4e4: 03714603     	lbu	a2, 0x37(sp)
     4e8: d15ff0ef     	jal	0x1fc <setpixel>
     4ec: 0040006f     	j	0x4f0 <draw_line+0x1a4>
     4f0: 00412503     	lw	a0, 0x4(sp)
     4f4: 00150513     	addi	a0, a0, 0x1
     4f8: 00a12223     	sw	a0, 0x4(sp)
     4fc: f5dff06f     	j	0x458 <draw_line+0x10c>
     500: 04c12083     	lw	ra, 0x4c(sp)
     504: 04812403     	lw	s0, 0x48(sp)
     508: 05010113     	addi	sp, sp, 0x50
     50c: 00008067     	ret

00000510 <draw_model>:
     510: fc010113     	addi	sp, sp, -0x40
     514: 02112e23     	sw	ra, 0x3c(sp)
     518: 02812c23     	sw	s0, 0x38(sp)
     51c: 04010413     	addi	s0, sp, 0x40
     520: 02a12a23     	sw	a0, 0x34(sp)
     524: 02b12823     	sw	a1, 0x30(sp)
     528: 02c12623     	sw	a2, 0x2c(sp)
     52c: 02d12423     	sw	a3, 0x28(sp)
     530: 02e103a3     	sb	a4, 0x27(sp)
     534: 00000513     	li	a0, 0x0
     538: 02a12023     	sw	a0, 0x20(sp)
     53c: 0040006f     	j	0x540 <draw_model+0x30>
     540: 02012503     	lw	a0, 0x20(sp)
     544: 02812583     	lw	a1, 0x28(sp)
     548: 0cb57263     	bgeu	a0, a1, 0x60c <draw_model+0xfc>
     54c: 0040006f     	j	0x550 <draw_model+0x40>
     550: 02c12503     	lw	a0, 0x2c(sp)
     554: 02012583     	lw	a1, 0x20(sp)
     558: 00359593     	slli	a1, a1, 0x3
     55c: 00b50533     	add	a0, a0, a1
     560: 00052503     	lw	a0, 0x0(a0)
     564: 00a12e23     	sw	a0, 0x1c(sp)
     568: 02c12503     	lw	a0, 0x2c(sp)
     56c: 02012583     	lw	a1, 0x20(sp)
     570: 00359593     	slli	a1, a1, 0x3
     574: 00b50533     	add	a0, a0, a1
     578: 00452503     	lw	a0, 0x4(a0)
     57c: 00a12c23     	sw	a0, 0x18(sp)
     580: 03412503     	lw	a0, 0x34(sp)
     584: 01c12583     	lw	a1, 0x1c(sp)
     588: 00359593     	slli	a1, a1, 0x3
     58c: 00b50533     	add	a0, a0, a1
     590: 00052503     	lw	a0, 0x0(a0)
     594: 00a12a23     	sw	a0, 0x14(sp)
     598: 03412503     	lw	a0, 0x34(sp)
     59c: 01c12583     	lw	a1, 0x1c(sp)
     5a0: 00359593     	slli	a1, a1, 0x3
     5a4: 00b50533     	add	a0, a0, a1
     5a8: 00452503     	lw	a0, 0x4(a0)
     5ac: 00a12823     	sw	a0, 0x10(sp)
     5b0: 03412503     	lw	a0, 0x34(sp)
     5b4: 01812583     	lw	a1, 0x18(sp)
     5b8: 00359593     	slli	a1, a1, 0x3
     5bc: 00b50533     	add	a0, a0, a1
     5c0: 00052503     	lw	a0, 0x0(a0)
     5c4: 00a12623     	sw	a0, 0xc(sp)
     5c8: 03412503     	lw	a0, 0x34(sp)
     5cc: 01812583     	lw	a1, 0x18(sp)
     5d0: 00359593     	slli	a1, a1, 0x3
     5d4: 00b50533     	add	a0, a0, a1
     5d8: 00452503     	lw	a0, 0x4(a0)
     5dc: 00a12423     	sw	a0, 0x8(sp)
     5e0: 01412503     	lw	a0, 0x14(sp)
     5e4: 01012583     	lw	a1, 0x10(sp)
     5e8: 00c12603     	lw	a2, 0xc(sp)
     5ec: 00812683     	lw	a3, 0x8(sp)
     5f0: 02714703     	lbu	a4, 0x27(sp)
     5f4: d59ff0ef     	jal	0x34c <draw_line>
     5f8: 0040006f     	j	0x5fc <draw_model+0xec>
     5fc: 02012503     	lw	a0, 0x20(sp)
     600: 00150513     	addi	a0, a0, 0x1
     604: 02a12023     	sw	a0, 0x20(sp)
     608: f39ff06f     	j	0x540 <draw_model+0x30>
     60c: 03c12083     	lw	ra, 0x3c(sp)
     610: 03812403     	lw	s0, 0x38(sp)
     614: 04010113     	addi	sp, sp, 0x40
     618: 00008067     	ret

0000061c <swap>:
     61c: ff010113     	addi	sp, sp, -0x10
     620: 00112623     	sw	ra, 0xc(sp)
     624: 00812423     	sw	s0, 0x8(sp)
     628: 01010413     	addi	s0, sp, 0x10
     62c: 00002537     	lui	a0, 0x2
     630: 59452583     	lw	a1, 0x594(a0)
     634: 00b12223     	sw	a1, 0x4(sp)
     638: 00002637     	lui	a2, 0x2
     63c: 59862583     	lw	a1, 0x598(a2)
     640: 58b52a23     	sw	a1, 0x594(a0)
     644: 59452583     	lw	a1, 0x594(a0)
     648: 58b62c23     	sw	a1, 0x598(a2)
     64c: 59452503     	lw	a0, 0x594(a0)
     650: 014000ef     	jal	0x664 <set_fptr>
     654: 00c12083     	lw	ra, 0xc(sp)
     658: 00812403     	lw	s0, 0x8(sp)
     65c: 01010113     	addi	sp, sp, 0x10
     660: 00008067     	ret

00000664 <set_fptr>:
     664: 00000297     	auipc	t0, 0x0
     668: 9a028293     	addi	t0, t0, -0x660
     66c: 00255513     	srli	a0, a0, 0x2
     670: 00a2a023     	sw	a0, 0x0(t0)
     674: 00008067     	ret

Disassembly of section .data:

00000678 <vertices>:
     678: c8 00 00 00  	.word	0x000000c8
     67c: 32 00 00 00  	.word	0x00000032
     680: 68 01 00 00  	.word	0x00000168
     684: 78 00 00 00  	.word	0x00000078
     688: f0 00 00 00  	.word	0x000000f0
     68c: 22 01 00 00  	.word	0x00000122
     690: 64 00 00 00  	.word	0x00000064
     694: c8 00 00 00  	.word	0x000000c8

00000698 <vertices_len>:
     698: 04 00 00 00  	.word	0x00000004

0000069c <edges>:
     69c: 00 00 00 00  	.word	0x00000000
     6a0: 01 00 00 00  	.word	0x00000001
     6a4: 01 00 00 00  	.word	0x00000001
     6a8: 02 00 00 00  	.word	0x00000002
     6ac: 02 00 00 00  	.word	0x00000002
     6b0: 03 00 00 00  	.word	0x00000003
     6b4: 03 00 00 00  	.word	0x00000003
     6b8: 00 00 00 00  	.word	0x00000000

000006bc <edges_len>:
     6bc: 04 00 00 00  	.word	0x00000004

000006c0 <cube_vertices>:
     6c0: 80 ff ff ff  	.word	0xffffff80
     6c4: 80 ff ff ff  	.word	0xffffff80
     6c8: 80 ff ff ff  	.word	0xffffff80
     6cc: 80 ff ff ff  	.word	0xffffff80
     6d0: 80 ff ff ff  	.word	0xffffff80
     6d4: 80 00 00 00  	.word	0x00000080
     6d8: 80 ff ff ff  	.word	0xffffff80
     6dc: 80 00 00 00  	.word	0x00000080
     6e0: 80 ff ff ff  	.word	0xffffff80
     6e4: 80 ff ff ff  	.word	0xffffff80
     6e8: 80 00 00 00  	.word	0x00000080
     6ec: 80 00 00 00  	.word	0x00000080
     6f0: 80 00 00 00  	.word	0x00000080
     6f4: 80 ff ff ff  	.word	0xffffff80
     6f8: 80 ff ff ff  	.word	0xffffff80
     6fc: 80 00 00 00  	.word	0x00000080
     700: 80 ff ff ff  	.word	0xffffff80
     704: 80 00 00 00  	.word	0x00000080
     708: 80 00 00 00  	.word	0x00000080
     70c: 80 00 00 00  	.word	0x00000080
     710: 80 ff ff ff  	.word	0xffffff80
     714: 80 00 00 00  	.word	0x00000080
     718: 80 00 00 00  	.word	0x00000080
     71c: 80 00 00 00  	.word	0x00000080

Disassembly of section .bss:

00000720 <cube_edges>:
...

00000728 <cube_vertices_len>:
...

0000072c <cube_edges_len>:
...

00000730 <rendering_mode>:
...

00000734 <framebuffer>:
...

00002594 <fptr>:
...

00002598 <bptr>:
...

Disassembly of section .comment:

00000000 <.comment>:
       0: 00 63 6c 61  	.word	0x616c6300
       4: 6e 67 20 76  	.word	0x7620676e
       8: 65 72 73 69  	.word	0x69737265
       c: 6f 6e 20 32  	.word	0x32206e6f
      10: 33 2e 31 2e  	.word	0x2e312e33
      14: 31 00 4c 69  	.word	0x694c0031
      18: 6e 6b 65 72  	.word	0x72656b6e
      1c: 3a 20 4c 4c  	.word	0x4c4c203a
      20: 44 20 32 33  	.word	0x33322044
      24: 2e 31 2e 31  	.word	0x312e312e
      28: 00           	.byte	0x00

Disassembly of section .riscv.attributes:

00000000 <.riscv.attributes>:
       0: 1b41         	<unknown>
       2: 0000         	<unknown>
       4: 7200         	<unknown>
       6: 7369         	<unknown>
       8: 01007663     	bgeu	zero, a6, 0x14 <.comment+0x14>
       c: 0011         	<unknown>
       e: 0000         	<unknown>
      10: 1004         	<unknown>
      12: 7205         	<unknown>
      14: 3376         	<unknown>
      16: 6932         	<unknown>
      18: 7032         	<unknown>
      1a: 0031         	<unknown>

Disassembly of section .symtab:

00000000 <.symtab>:
		...
      10: 0001         	<unknown>
		...
      1a: 0000         	<unknown>
      1c: 0004         	<unknown>
      1e: fff1         	<unknown>
      20: 0008         	<unknown>
      22: 0000         	<unknown>
      24: 0060         	<unknown>
		...
      2e: 0002         	<unknown>
      30: 00000013     	nop
      34: 0084         	<unknown>
		...
      3e: 0002         	<unknown>
      40: 0018         	<unknown>
      42: 0000         	<unknown>
      44: 0678         	<unknown>
		...
      4e: 001b0003     	lb	zero, 0x1(s6)
		...
      5e: 0005         	<unknown>
      60: 001e         	<unknown>
		...
      6e: fff1         	<unknown>
      70: 0021         	<unknown>
		...
      7a: 0000         	<unknown>
      7c: 0004         	<unknown>
      7e: fff1         	<unknown>
      80: 0028         	<unknown>
      82: 0000         	<unknown>
      84: 0090         	<unknown>
		...
      8e: 0002         	<unknown>
      90: 00000033     	add	zero, zero, zero
      94: 00bc         	<unknown>
		...
      9e: 0002         	<unknown>
      a0: 0038         	<unknown>
      a2: 0000         	<unknown>
      a4: 00b0         	<unknown>
		...
      ae: 0002         	<unknown>
      b0: 003d         	<unknown>
      b2: 0000         	<unknown>
      b4: 00d8         	<unknown>
		...
      be: 0002         	<unknown>
      c0: 0042         	<unknown>
      c2: 0000         	<unknown>
      c4: 0120         	<unknown>
		...
      ce: 0002         	<unknown>
      d0: 00000047     	<unknown>
      d4: 010c         	<unknown>
		...
      de: 0002         	<unknown>
      e0: 004c         	<unknown>
      e2: 0000         	<unknown>
      e4: 012c         	<unknown>
		...
      ee: 0002         	<unknown>
      f0: 0051         	<unknown>
		...
      fe: 0005         	<unknown>
     100: 0054         	<unknown>
		...
     10e: fff1         	<unknown>
     110: 00000057     	<unknown>
		...
     11c: 0004         	<unknown>
     11e: fff1         	<unknown>
     120: 0060         	<unknown>
     122: 0000         	<unknown>
     124: 06c0         	<unknown>
		...
     12e: 00630003     	lb	zero, 0x6(t1)
     132: 0000         	<unknown>
     134: 0720         	<unknown>
		...
     13e: 0004         	<unknown>
     140: 0066         	<unknown>
		...
     14e: 0005         	<unknown>
     150: 0069         	<unknown>
		...
     15e: fff1         	<unknown>
     160: 006c         	<unknown>
		...
     16a: 0000         	<unknown>
     16c: 0004         	<unknown>
     16e: fff1         	<unknown>
     170: 0078         	<unknown>
     172: 0000         	<unknown>
     174: 0174         	<unknown>
		...
     17e: 0002         	<unknown>
     180: 00000083     	lb	ra, 0x0(zero)
     184: 0730         	<unknown>
     186: 0000         	<unknown>
     188: 0004         	<unknown>
     18a: 0000         	<unknown>
     18c: 0001         	<unknown>
     18e: 0004         	<unknown>
     190: 0092         	<unknown>
     192: 0000         	<unknown>
     194: 2594         	<unknown>
     196: 0000         	<unknown>
     198: 0004         	<unknown>
     19a: 0000         	<unknown>
     19c: 0001         	<unknown>
     19e: 0004         	<unknown>
     1a0: 00000097     	auipc	ra, 0x0
     1a4: 0734         	<unknown>
     1a6: 0000         	<unknown>
     1a8: 1e60         	<unknown>
     1aa: 0000         	<unknown>
     1ac: 0001         	<unknown>
     1ae: 0004         	<unknown>
     1b0: 000000a3     	sb	zero, 0x1(zero)
     1b4: 2598         	<unknown>
     1b6: 0000         	<unknown>
     1b8: 0004         	<unknown>
     1ba: 0000         	<unknown>
     1bc: 0001         	<unknown>
     1be: 0004         	<unknown>
     1c0: 00a8         	<unknown>
     1c2: 0000         	<unknown>
     1c4: 02d8         	<unknown>
		...
     1ce: 0002         	<unknown>
     1d0: 00ad         	<unknown>
     1d2: 0000         	<unknown>
     1d4: 033c         	<unknown>
		...
     1de: 0002         	<unknown>
     1e0: 00b2         	<unknown>
     1e2: 0000         	<unknown>
     1e4: 02e8         	<unknown>
		...
     1ee: 0002         	<unknown>
     1f0: 000000b7     	lui	ra, 0x0
     1f4: 02f4         	<unknown>
		...
     1fe: 0002         	<unknown>
     200: 00bc         	<unknown>
     202: 0000         	<unknown>
     204: 0328         	<unknown>
		...
     20e: 0002         	<unknown>
     210: 00c1         	<unknown>
     212: 0000         	<unknown>
     214: 0304         	<unknown>
		...
     21e: 0002         	<unknown>
     220: 00c6         	<unknown>
     222: 0000         	<unknown>
     224: 0318         	<unknown>
		...
     22e: 0002         	<unknown>
     230: 000000cb     	<unknown>
     234: 032c         	<unknown>
		...
     23e: 0002         	<unknown>
     240: 00d0         	<unknown>
     242: 0000         	<unknown>
     244: 03f4         	<unknown>
		...
     24e: 0002         	<unknown>
     250: 00d5         	<unknown>
     252: 0000         	<unknown>
     254: 03d0         	<unknown>
		...
     25e: 0002         	<unknown>
     260: 00da         	<unknown>
     262: 0000         	<unknown>
     264: 0418         	<unknown>
		...
     26e: 0002         	<unknown>
     270: 00df 0000 0458       	<unknown>
		...
     27e: 0002         	<unknown>
     280: 00e4         	<unknown>
     282: 0000         	<unknown>
     284: 0500         	<unknown>
		...
     28e: 0002         	<unknown>
     290: 00e9         	<unknown>
     292: 0000         	<unknown>
     294: 0468         	<unknown>
		...
     29e: 0002         	<unknown>
     2a0: 00ee         	<unknown>
     2a2: 0000         	<unknown>
     2a4: 04b8         	<unknown>
		...
     2ae: 0002         	<unknown>
     2b0: 000000f3     	<unknown>
     2b4: 0484         	<unknown>
		...
     2be: 0002         	<unknown>
     2c0: 00f8         	<unknown>
     2c2: 0000         	<unknown>
     2c4: 04dc         	<unknown>
		...
     2ce: 0002         	<unknown>
     2d0: 00fd         	<unknown>
     2d2: 0000         	<unknown>
     2d4: 04f0         	<unknown>
		...
     2de: 0002         	<unknown>
     2e0: 0102         	<unknown>
     2e2: 0000         	<unknown>
     2e4: 0540         	<unknown>
		...
     2ee: 0002         	<unknown>
     2f0: 00000107     	<unknown>
     2f4: 060c         	<unknown>
		...
     2fe: 0002         	<unknown>
     300: 010c         	<unknown>
     302: 0000         	<unknown>
     304: 0550         	<unknown>
		...
     30e: 0002         	<unknown>
     310: 0111         	<unknown>
     312: 0000         	<unknown>
     314: 05fc         	<unknown>
		...
     31e: 0002         	<unknown>
     320: 0116         	<unknown>
     322: 0000         	<unknown>
     324: 0730         	<unknown>
		...
     32e: 0004         	<unknown>
     330: 0119         	<unknown>
		...
     33e: 0005         	<unknown>
     340: 011c         	<unknown>
		...
     34e: fff1         	<unknown>
     350: 011f 0000 0000       	<unknown>
		...
     35e: 0001         	<unknown>
     360: 0122         	<unknown>
     362: 0000         	<unknown>
     364: 0004         	<unknown>
		...
     36e: 0001         	<unknown>
     370: 00000127     	<unknown>
     374: 0040         	<unknown>
		...
     37e: 0002         	<unknown>
     380: 00000133     	add	sp, zero, zero
     384: 0040         	<unknown>
		...
     38e: 0002         	<unknown>
     390: 013e         	<unknown>
     392: 0000         	<unknown>
     394: 0048         	<unknown>
		...
     39e: 0002         	<unknown>
     3a0: 014a         	<unknown>
     3a2: 0000         	<unknown>
     3a4: 0050         	<unknown>
		...
     3ae: 0002         	<unknown>
     3b0: 0156         	<unknown>
     3b2: 0000         	<unknown>
     3b4: 005c         	<unknown>
		...
     3be: 0002         	<unknown>
     3c0: 0000015b     	<unknown>
     3c4: 0664         	<unknown>
		...
     3ce: 0002         	<unknown>
     3d0: 00000167     	jalr	sp, zero <.symtab>
     3d4: 0664         	<unknown>
		...
     3de: 0002         	<unknown>
     3e0: 0172         	<unknown>
		...
     3ee: fff1         	<unknown>
     3f0: 0175         	<unknown>
     3f2: 0000         	<unknown>
     3f4: 0060         	<unknown>
     3f6: 0000         	<unknown>
     3f8: 0030         	<unknown>
     3fa: 0000         	<unknown>
     3fc: 0012         	<unknown>
     3fe: 0002         	<unknown>
     400: 017a         	<unknown>
     402: 0000         	<unknown>
     404: 0174         	<unknown>
     406: 0000         	<unknown>
     408: 0088         	<unknown>
     40a: 0000         	<unknown>
     40c: 0012         	<unknown>
     40e: 0002         	<unknown>
     410: 0000018f     	<unknown>
     414: 02b8         	<unknown>
     416: 0000         	<unknown>
     418: 0094         	<unknown>
     41a: 0000         	<unknown>
     41c: 0012         	<unknown>
     41e: 0002         	<unknown>
     420: 0195         	<unknown>
     422: 0000         	<unknown>
     424: 0678         	<unknown>
     426: 0000         	<unknown>
     428: 0020         	<unknown>
     42a: 0000         	<unknown>
     42c: 0011         	<unknown>
     42e: 019e0003     	lb	zero, 0x19(t3)
     432: 0000         	<unknown>
     434: 0698         	<unknown>
     436: 0000         	<unknown>
     438: 0004         	<unknown>
     43a: 0000         	<unknown>
     43c: 0011         	<unknown>
     43e: 01ab0003     	lb	zero, 0x1a(s6)
     442: 0000         	<unknown>
     444: 069c         	<unknown>
     446: 0000         	<unknown>
     448: 0020         	<unknown>
     44a: 0000         	<unknown>
     44c: 0011         	<unknown>
     44e: 01b10003     	lb	zero, 0x1b(sp)
     452: 0000         	<unknown>
     454: 06bc         	<unknown>
     456: 0000         	<unknown>
     458: 0004         	<unknown>
     45a: 0000         	<unknown>
     45c: 0011         	<unknown>
     45e: 01bb0003     	lb	zero, 0x1b(s6)
     462: 0000         	<unknown>
     464: 0090         	<unknown>
     466: 0000         	<unknown>
     468: 005c         	<unknown>
     46a: 0000         	<unknown>
     46c: 0012         	<unknown>
     46e: 0002         	<unknown>
     470: 01c2         	<unknown>
     472: 0000         	<unknown>
     474: 00ec         	<unknown>
     476: 0000         	<unknown>
     478: 0054         	<unknown>
     47a: 0000         	<unknown>
     47c: 0012         	<unknown>
     47e: 0002         	<unknown>
     480: 01c6         	<unknown>
     482: 0000         	<unknown>
     484: 0140         	<unknown>
     486: 0000         	<unknown>
     488: 0034         	<unknown>
     48a: 0000         	<unknown>
     48c: 0012         	<unknown>
     48e: 0002         	<unknown>
     490: 000001cb     	<unknown>
     494: 06c0         	<unknown>
     496: 0000         	<unknown>
     498: 0060         	<unknown>
     49a: 0000         	<unknown>
     49c: 0011         	<unknown>
     49e: 01d90003     	lb	zero, 0x1d(s2)
     4a2: 0000         	<unknown>
     4a4: 0720         	<unknown>
     4a6: 0000         	<unknown>
     4a8: 0008         	<unknown>
     4aa: 0000         	<unknown>
     4ac: 0011         	<unknown>
     4ae: 0004         	<unknown>
     4b0: 01e4         	<unknown>
     4b2: 0000         	<unknown>
     4b4: 0728         	<unknown>
     4b6: 0000         	<unknown>
     4b8: 0004         	<unknown>
     4ba: 0000         	<unknown>
     4bc: 0011         	<unknown>
     4be: 0004         	<unknown>
     4c0: 01f6         	<unknown>
     4c2: 0000         	<unknown>
     4c4: 072c         	<unknown>
     4c6: 0000         	<unknown>
     4c8: 0004         	<unknown>
     4ca: 0000         	<unknown>
     4cc: 0011         	<unknown>
     4ce: 0004         	<unknown>
     4d0: 0205         	<unknown>
     4d2: 0000         	<unknown>
     4d4: 0664         	<unknown>
     4d6: 0000         	<unknown>
     4d8: 0000         	<unknown>
     4da: 0000         	<unknown>
     4dc: 0010         	<unknown>
     4de: 0002         	<unknown>
     4e0: 020e         	<unknown>
     4e2: 0000         	<unknown>
     4e4: 0008         	<unknown>
     4e6: 0000         	<unknown>
     4e8: 0000         	<unknown>
     4ea: 0000         	<unknown>
     4ec: 0010         	<unknown>
     4ee: 0001         	<unknown>
     4f0: 00000213     	li	tp, 0x0
     4f4: 000c         	<unknown>
     4f6: 0000         	<unknown>
     4f8: 0000         	<unknown>
     4fa: 0000         	<unknown>
     4fc: 0010         	<unknown>
     4fe: 0001         	<unknown>
     500: 0218         	<unknown>
     502: 0000         	<unknown>
     504: 01fc         	<unknown>
     506: 0000         	<unknown>
     508: 006c         	<unknown>
     50a: 0000         	<unknown>
     50c: 0012         	<unknown>
     50e: 0002         	<unknown>
     510: 0221         	<unknown>
     512: 0000         	<unknown>
     514: 0268         	<unknown>
     516: 0000         	<unknown>
     518: 0050         	<unknown>
     51a: 0000         	<unknown>
     51c: 0012         	<unknown>
     51e: 0002         	<unknown>
     520: 022a         	<unknown>
     522: 0000         	<unknown>
     524: 034c         	<unknown>
     526: 0000         	<unknown>
     528: 01c4         	<unknown>
     52a: 0000         	<unknown>
     52c: 0012         	<unknown>
     52e: 0002         	<unknown>
     530: 0234         	<unknown>
     532: 0000         	<unknown>
     534: 0510         	<unknown>
     536: 0000         	<unknown>
     538: 010c         	<unknown>
     53a: 0000         	<unknown>
     53c: 0012         	<unknown>
     53e: 0002         	<unknown>
     540: 0000023f 0000061c    	<unknown>
     548: 0048         	<unknown>
     54a: 0000         	<unknown>
     54c: 0012         	<unknown>
     54e: 0002         	<unknown>
     550: 0244         	<unknown>
     552: 0000         	<unknown>
     554: 0010         	<unknown>
     556: 0000         	<unknown>
     558: 0000         	<unknown>
     55a: 0000         	<unknown>
     55c: 0010         	<unknown>
     55e: 0001         	<unknown>
     560: 0249         	<unknown>
     562: 0000         	<unknown>
     564: 0014         	<unknown>
     566: 0000         	<unknown>
     568: 0000         	<unknown>
     56a: 0000         	<unknown>
     56c: 0010         	<unknown>
     56e: 0001         	<unknown>
     570: 024e         	<unknown>
     572: 0000         	<unknown>
     574: 0040         	<unknown>
     576: 0000         	<unknown>
     578: 0000         	<unknown>
     57a: 0000         	<unknown>
     57c: 0010         	<unknown>
     57e: 0002         	<unknown>
     580: 0255         	<unknown>
     582: 0000         	<unknown>
     584: 0000         	<unknown>
     586: 0040         	<unknown>
     588: 0000         	<unknown>
     58a: 0000         	<unknown>
     58c: 0010         	<unknown>
     58e: fff1         	<unknown>
     590: 0261         	<unknown>
     592: 0000         	<unknown>
     594: 0720         	<unknown>
     596: 0000         	<unknown>
     598: 0000         	<unknown>
     59a: 0000         	<unknown>
     59c: 0010         	<unknown>
     59e: 0004         	<unknown>
     5a0: 026d         	<unknown>
     5a2: 0000         	<unknown>
     5a4: 259c         	<unknown>
     5a6: 0000         	<unknown>
     5a8: 0000         	<unknown>
     5aa: 0000         	<unknown>
     5ac: 0010         	<unknown>
     5ae: 0004         	<unknown>

Disassembly of section .shstrtab:

00000000 <.shstrtab>:
       0: 2e00         	<unknown>
       2: 6168         	<unknown>
       4: 6472         	<unknown>
       6: 65726177     	<unknown>
       a: 2e00         	<unknown>
       c: 6574         	<unknown>
       e: 7478         	<unknown>
      10: 2e00         	<unknown>
      12: 6164         	<unknown>
      14: 6174         	<unknown>
      16: 2e00         	<unknown>
      18: 7362         	<unknown>
      1a: 632e0073     	<unknown>
      1e: 656d6d6f     	jal	s10, 0xd6674 <__bss_end+0xd40d8>
      22: 746e         	<unknown>
      24: 2e00         	<unknown>
      26: 6972         	<unknown>
      28: 2e766373     	csrrsi	t1, 0x2e7, 0xc
      2c: 7461         	<unknown>
      2e: 7274         	<unknown>
      30: 6269         	<unknown>
      32: 7475         	<unknown>
      34: 7365         	<unknown>
      36: 2e00         	<unknown>
      38: 746d7973     	csrrci	s2, 0x746, 0x1a
      3c: 6261         	<unknown>
      3e: 2e00         	<unknown>
      40: 74736873     	csrrsi	a6, mseccfg, 0x6
      44: 7472         	<unknown>
      46: 6261         	<unknown>
      48: 2e00         	<unknown>
      4a: 74727473     	csrrci	s0, mseccfg, 0x4
      4e: 6261         	<unknown>
      50: 00           	<unknown>

Disassembly of section .strtab:

00000000 <.strtab>:
       0: 6d00         	<unknown>
       2: 6961         	<unknown>
       4: 2e6e         	<unknown>
       6: 78240063     	beq	s0, sp, 0x786 <framebuffer+0x52>
       a: 7672         	<unknown>
       c: 32693233     	<unknown>
      10: 3170         	<unknown>
      12: 2e00         	<unknown>
      14: 304c         	<unknown>
      16: 0020         	<unknown>
      18: 6424         	<unknown>
      1a: 2400         	<unknown>
      1c: 0064         	<unknown>
      1e: 6424         	<unknown>
      20: 6d00         	<unknown>
      22: 7461         	<unknown>
      24: 2e68         	<unknown>
      26: 78240063     	beq	s0, sp, 0x7a6 <framebuffer+0x72>
      2a: 7672         	<unknown>
      2c: 32693233     	<unknown>
      30: 3170         	<unknown>
      32: 2e00         	<unknown>
      34: 304c         	<unknown>
      36: 0020         	<unknown>
      38: 4c2e         	<unknown>
      3a: 2030         	<unknown>
      3c: 2e00         	<unknown>
      3e: 304c         	<unknown>
      40: 0020         	<unknown>
      42: 4c2e         	<unknown>
      44: 2030         	<unknown>
      46: 2e00         	<unknown>
      48: 304c         	<unknown>
      4a: 0020         	<unknown>
      4c: 4c2e         	<unknown>
      4e: 2030         	<unknown>
      50: 2400         	<unknown>
      52: 0064         	<unknown>
      54: 6424         	<unknown>
      56: 6d00         	<unknown>
      58: 6c65646f     	jal	s0, 0x5671e <__bss_end+0x54182>
      5c: 00632e73     	csrrs	t3, 0x6, t1
      60: 6424         	<unknown>
      62: 2400         	<unknown>
      64: 0064         	<unknown>
      66: 6424         	<unknown>
      68: 2400         	<unknown>
      6a: 0064         	<unknown>
      6c: 6572         	<unknown>
      6e: 646e         	<unknown>
      70: 7265         	<unknown>
      72: 6e69         	<unknown>
      74: 00632e67     	<unknown>
      78: 7824         	<unknown>
      7a: 7672         	<unknown>
      7c: 32693233     	<unknown>
      80: 3170         	<unknown>
      82: 7200         	<unknown>
      84: 6e65         	<unknown>
      86: 6564         	<unknown>
      88: 6972         	<unknown>
      8a: 676e         	<unknown>
      8c: 6d5f 646f 0065       	<unknown>
      92: 7066         	<unknown>
      94: 7274         	<unknown>
      96: 6600         	<unknown>
      98: 6172         	<unknown>
      9a: 656d         	<unknown>
      9c: 7562         	<unknown>
      9e: 6666         	<unknown>
      a0: 7265         	<unknown>
      a2: 6200         	<unknown>
      a4: 7470         	<unknown>
      a6: 0072         	<unknown>
      a8: 4c2e         	<unknown>
      aa: 2030         	<unknown>
      ac: 2e00         	<unknown>
      ae: 304c         	<unknown>
      b0: 0020         	<unknown>
      b2: 4c2e         	<unknown>
      b4: 2030         	<unknown>
      b6: 2e00         	<unknown>
      b8: 304c         	<unknown>
      ba: 0020         	<unknown>
      bc: 4c2e         	<unknown>
      be: 2030         	<unknown>
      c0: 2e00         	<unknown>
      c2: 304c         	<unknown>
      c4: 0020         	<unknown>
      c6: 4c2e         	<unknown>
      c8: 2030         	<unknown>
      ca: 2e00         	<unknown>
      cc: 304c         	<unknown>
      ce: 0020         	<unknown>
      d0: 4c2e         	<unknown>
      d2: 2030         	<unknown>
      d4: 2e00         	<unknown>
      d6: 304c         	<unknown>
      d8: 0020         	<unknown>
      da: 4c2e         	<unknown>
      dc: 2030         	<unknown>
      de: 2e00         	<unknown>
      e0: 304c         	<unknown>
      e2: 0020         	<unknown>
      e4: 4c2e         	<unknown>
      e6: 2030         	<unknown>
      e8: 2e00         	<unknown>
      ea: 304c         	<unknown>
      ec: 0020         	<unknown>
      ee: 4c2e         	<unknown>
      f0: 2030         	<unknown>
      f2: 2e00         	<unknown>
      f4: 304c         	<unknown>
      f6: 0020         	<unknown>
      f8: 4c2e         	<unknown>
      fa: 2030         	<unknown>
      fc: 2e00         	<unknown>
      fe: 304c         	<unknown>
     100: 0020         	<unknown>
     102: 4c2e         	<unknown>
     104: 2030         	<unknown>
     106: 2e00         	<unknown>
     108: 304c         	<unknown>
     10a: 0020         	<unknown>
     10c: 4c2e         	<unknown>
     10e: 2030         	<unknown>
     110: 2e00         	<unknown>
     112: 304c         	<unknown>
     114: 0020         	<unknown>
     116: 6424         	<unknown>
     118: 2400         	<unknown>
     11a: 0064         	<unknown>
     11c: 6424         	<unknown>
     11e: 2400         	<unknown>
     120: 0064         	<unknown>
     122: 7066         	<unknown>
     124: 7274         	<unknown>
     126: 2e00         	<unknown>
     128: 704c         	<unknown>
     12a: 6c657263     	bgeu	a0, t1, 0x7ee <framebuffer+0xba>
     12e: 685f 3069 2400       	<unknown>
     134: 7278         	<unknown>
     136: 3376         	<unknown>
     138: 6932         	<unknown>
     13a: 7032         	<unknown>
     13c: 0031         	<unknown>
     13e: 4c2e         	<unknown>
     140: 6370         	<unknown>
     142: 6572         	<unknown>
     144: 5f6c         	<unknown>
     146: 6968         	<unknown>
     148: 0031         	<unknown>
     14a: 4c2e         	<unknown>
     14c: 6370         	<unknown>
     14e: 6572         	<unknown>
     150: 5f6c         	<unknown>
     152: 6968         	<unknown>
     154: 0032         	<unknown>
     156: 6f6c         	<unknown>
     158: 2e00706f     	j	0x7438 <__bss_end+0x4e9c>
     15c: 704c         	<unknown>
     15e: 6c657263     	bgeu	a0, t1, 0x822 <framebuffer+0xee>
     162: 685f 3369 2400       	<unknown>
     168: 7278         	<unknown>
     16a: 3376         	<unknown>
     16c: 6932         	<unknown>
     16e: 7032         	<unknown>
     170: 0031         	<unknown>
     172: 6424         	<unknown>
     174: 6d00         	<unknown>
     176: 6961         	<unknown>
     178: 006e         	<unknown>
     17a: 6e69         	<unknown>
     17c: 7469         	<unknown>
     17e: 6169         	<unknown>
     180: 696c         	<unknown>
     182: 657a         	<unknown>
     184: 725f 6e65 6564       	<unknown>
     18a: 6972         	<unknown>
     18c: 676e         	<unknown>
     18e: 6300         	<unknown>
     190: 656c         	<unknown>
     192: 7261         	<unknown>
     194: 7600         	<unknown>
     196: 7265         	<unknown>
     198: 6974         	<unknown>
     19a: 00736563     	bltu	t1, t2, 0x1a4 <initialize_rendering+0x30>
     19e: 6576         	<unknown>
     1a0: 7472         	<unknown>
     1a2: 6369         	<unknown>
     1a4: 7365         	<unknown>
     1a6: 6c5f 6e65 6500       	<unknown>
     1ac: 6764         	<unknown>
     1ae: 7365         	<unknown>
     1b0: 6500         	<unknown>
     1b2: 6764         	<unknown>
     1b4: 7365         	<unknown>
     1b6: 6c5f 6e65 7300       	<unknown>
     1bc: 6769         	<unknown>
     1be: 756e         	<unknown>
     1c0: 006d         	<unknown>
     1c2: 6261         	<unknown>
     1c4: 6d660073     	<unknown>
     1c8: 6c75         	<unknown>
     1ca: 6300         	<unknown>
     1cc: 6275         	<unknown>
     1ce: 5f65         	<unknown>
     1d0: 6576         	<unknown>
     1d2: 7472         	<unknown>
     1d4: 6369         	<unknown>
     1d6: 7365         	<unknown>
     1d8: 6300         	<unknown>
     1da: 6275         	<unknown>
     1dc: 5f65         	<unknown>
     1de: 6465         	<unknown>
     1e0: 00736567     	<unknown>
     1e4: 65627563     	bgeu	tp, s6, 0x82e <framebuffer+0xfa>
     1e8: 765f 7265 6974       	<unknown>
     1ee: 5f736563     	bltu	t1, s7, 0x7d8 <framebuffer+0xa4>
     1f2: 656c         	<unknown>
     1f4: 006e         	<unknown>
     1f6: 65627563     	bgeu	tp, s6, 0x840 <framebuffer+0x10c>
     1fa: 655f 6764 7365       	<unknown>
     200: 6c5f 6e65 7300       	<unknown>
     206: 7465         	<unknown>
     208: 665f 7470 0072       	<unknown>
     20e: 6264         	<unknown>
     210: 64003067     	<unknown>
     214: 6762         	<unknown>
     216: 0031         	<unknown>
     218: 70746573     	csrrsi	a0, 0x707, 0x8
     21c: 7869         	<unknown>
     21e: 6c65         	<unknown>
     220: 6700         	<unknown>
     222: 7465         	<unknown>
     224: 6970         	<unknown>
     226: 6578         	<unknown>
     228: 006c         	<unknown>
     22a: 7264         	<unknown>
     22c: 7761         	<unknown>
     22e: 6c5f 6e69 0065       	<unknown>
     234: 7264         	<unknown>
     236: 7761         	<unknown>
     238: 6d5f 646f 6c65       	<unknown>
     23e: 7300         	<unknown>
     240: 00706177     	<unknown>
     244: 6264         	<unknown>
     246: 64003267     	<unknown>
     24a: 6762         	<unknown>
     24c: 735f0033     	<unknown>
     250: 6174         	<unknown>
     252: 7472         	<unknown>
     254: 5f00         	<unknown>
     256: 735f 6174 6b63       	<unknown>
     25c: 745f 706f 5f00       	<unknown>
     262: 625f 7373 735f       	<unknown>
     268: 6174         	<unknown>
     26a: 7472         	<unknown>
     26c: 5f00         	<unknown>
     26e: 625f 7373 655f       	<unknown>
     274: 646e         	<unknown>
     276: 00           	<unknown>
